// Jest Snapshot v1, https://goo.gl/fbAQLP

exports[`header basic 1`] = `
<div
  id="pageHeader"
>
  <div
    id="pageHeaderApp"
  >
    <a
      href="/"
      onClick={[Function]}
    >
      Scott's Quote of the Day, version 
      1.2.3
    </a>
  </div>
</div>
`;
