// Jest Snapshot v1, https://goo.gl/fbAQLP

exports[`header basic 1`] = `
<div
  className="QuoteText"
  dangerouslySetInnerHTML={
    Object {
      "__html": "I am a quote<br />Hear me roar",
    }
  }
/>
`;
