// Jest Snapshot v1, https://goo.gl/fbAQLP

exports[`header basic 1`] = `
<div
  id="quoteOfTheDay"
>
  <h2>
    Quote of the day
  </h2>
  <div
    className="react-datepicker-wrapper"
  >
    <div
      className="react-datepicker__input-container"
    >
      <input
        className=""
        disabled={false}
        onBlur={[Function]}
        onChange={[Function]}
        onClick={[Function]}
        onFocus={[Function]}
        onKeyDown={[Function]}
        readOnly={false}
        type="text"
        value="12/31/1969"
      />
    </div>
  </div>
  Quote #
  <a
    href="/"
    onClick={[Function]}
  >
    5
  </a>
  <div
    className="QuoteText"
    dangerouslySetInnerHTML={
      Object {
        "__html": "I am a quote",
      }
    }
  />
  <div
    className="QuoteSource"
  >
    Source: 
    <em>
      <a
        href="/"
        onClick={[Function]}
      >
        test source
      </a>
    </em>
  </div>
</div>
`;
