// Jest Snapshot v1, https://goo.gl/fbAQLP

exports[`quote of the day history for year basic 1`] = `
<article>
  2001
  <ul>
    <li>
      2001-06-01
    </li>
    <li>
      2001-07-01
    </li>
  </ul>
</article>
`;
